asma:/Composers/Janusz%20Pelc/Fred%20%281991%29.sap
asma:/Composers/Janusz%20Pelc/Misja%20%281991%29.sap
asma:/Composers/Janusz%20Pelc/Lasermania%20%281990%29.sap&song=0
asma:/Composers/Janusz%20Pelc/Lasermania%20%281990%29.sap&song=1
asma:/Composers/Janusz%20Pelc/Lasermania%20%281990%29.sap&song=2
asma:/Composers/Janusz%20Pelc/Lasermania%20%281990%29.sap&song=3
hvsc:/MUSICIANS/G/Glafouk/Quicky_Wanky.sid
examples:/klystrack/songs/Diverted_Experience.kt
vgmrips:/Systems/Namco/Namco%20System%201/Pac-Mania/04%20Pac-Man%27s%20Park.vgz
hvsc:/DEMOS/0-9/1982_Xyce.sid
vgmrips:/Chips/YM3526/Bubble%20Bobble/01%20Introduction%20~%20Main%20Theme.vgz
modland:/Ad%20Lib/AdLib%20Tracker%202/Malfunction/little%20boring%20trance.a2m
asma:/Composers/Adam%20Gilmore/Draconus%20%281988%29.sap
examples:/Adlib%20Tracker%202/nula/cracker.a2m
https%3A%2F%2Farchive.org%2Fcors%2FTripThroughTheGrandCanyoncanyon.mid%2Fcanyon.mid
examples:/Adlib%20Tracker%202/nula/cracker.a2m
https://ctrl-alt-rees.com/archive/yellowantphil.com/wacky_wheels/downloads/music/dream.mid
vgmrips:/Systems/Sharp/X1%20Turbo/Space%20Harrier/01%20Theme.vgz
vgmrips:/Chips/AY-3-8910/L.E.D.%20Storm/01%20Title%20Theme.vgz
vgmrips:/Systems/Sharp/X68000/Akumajo%20Dracula/05%20Vampire%20Killer%20%28Stage%201%29.vgz
vgmrips:/Chips/YM3526/Bubble%20Bobble/01%20Introduction%20~%20Main%20Theme.vgz
vgmrips:/Systems/IBM/PC%20-%20AT/Dune/02%20Spice%20Opera.vgz
hvsc:/MUSICIANS/H/Hannula_Antti/Electric_City_2SID.sid
https://raw.githubusercontent.com/tildearrow/furnace/07b9d33b3e8e909aea4704443b2a9cd99dcafd6f/demos/misc/robocop3_opn2.fur
examples:/Furnace/specs2/acidic_juice_of_hell.fur
examples:/Furnace/opl/green_biker_dude_opl.fur
https%3A%2F%2Fbitmidi.com%2Fuploads%2F42337.mid
hvsc:/MUSICIANS/H/Hubbard_Rob/Warhawk.sid
hvsc:/MUSICIANS/H/Hubbard_Rob/Crazy_Comets.sid
modland:/Protracker/XTD/%23%23%20technological%20%23%23.mod
https%3A%2F%2Fapi.modarchive.org%2Fdownloads.php%3Fmoduleid%3D191020%23dubmood_-_rez_cracktro_4.xm
hvsc:/MUSICIANS/H/Hubbard_Rob/Monty_on_the_Run.sid
modland:/Ad%20Lib/AdLib%20Tracker%202/Malfunction/fm-tronikk%20%28aka%20altair%20street%20dancer%29.a2m
reality:/Modules/RAD-v2/Extent%20of%20the%20Jam/OPL3%20Groove.rad
modland:/AHX/Jazzcat/electric%20city.ahx
modland:/Ad%20Lib/Screamtracker%203%20AdLib/Skaven/first%20adlib%20attempt.as3m
reality:/Modules/RAD-v1/Void/Void%20-%20Alloyrun.rad

hvsc:/MUSICIANS/H/Hubbard_Rob/Sanxion.sid
hvsc:/MUSICIANS/H/Hubbard_Rob/International_Karate.sid
hvsc:/MUSICIANS/H/Hubbard_Rob/Commando.sid
hvsc:/MUSICIANS/H/Hubbard_Rob/Delta.sid
hvsc:/MUSICIANS/H/Hubbard_Rob/Knucklebusters.sid
hvsc:/MUSICIANS/H/Hubbard_Rob/Auf_Wiedersehen_Monty.sid
hvsc:/MUSICIANS/H/Hubbard_Rob/Nemesis_the_Warlock.sid
hvsc:/MUSICIANS/H/Hubbard_Rob/Lightforce.sid
hvsc:/MUSICIANS/H/Hubbard_Rob/Zoids.sid
hvsc:/MUSICIANS/H/Hubbard_Rob/ACE_II.sid
hvsc:/MUSICIANS/H/Hubbard_Rob/Thrust.sid
hvsc:/MUSICIANS/H/Hubbard_Rob/BMX_Kidz.sid
hvsc:/MUSICIANS/H/Hubbard_Rob/Gerry_the_Germ.sid
hvsc:/MUSICIANS/H/Hubbard_Rob/Kentilla.sid
modland:/Protracker/Captain/space_debris.mod
modland:/Fasttracker%202/Elwood/deadlock.xm
modland:/Fasttracker%202/Gaius/coop-Bazooie/squired.xm
modland:/Screamtracker%203/Karsten%20Koch/aryx.s3m
modland:/Fasttracker%202/Andreas%20Viklund/coop-Virtuos/dreams.xm
modland:/Screamtracker%203/Necros/click.s3m
modland:/Fasttracker%202/Elwood/experience.xm
modland:/Protracker/The%20Mixer%20%28CA%29/macarena.mod
modland:/Protracker/Dr.%20Awesome/andante.mod
modland:/Screamtracker%203/Purple%20Motion/ssi-intro.s3m
modland:/Screamtracker%203/Purple%20Motion/skyrider.s3m
modland:/Protracker/Stamen/abandon.mod
modland:/Fasttracker%202/Jogeir%20Liljedahl/suspiria.xm
modland:/Fasttracker%202/Quiet%20Sound/a-night.xm
modland:/Screamtracker%203/Purple%20Motion/unreal.s3m
modland:/Fasttracker%202/Justin%20Flavin/aaaah.xm
modland:/Protracker/U4ia/1993.mod
modland:/Screamtracker%203/Rabiteman/abandon.s3m
modland:/Screamtracker%203/Skaven/network.s3m
modland:/Protracker/Purple%20Motion/soul-o-matic.mod
modland:/Screamtracker%203/Necros/isotoxin.s3m
modland:/Protracker/Maktone/class09.mod
modland:/Screamtracker%203/Necros/eden.s3m
modland:/Screamtracker%203/Phoenix/babylon.s3m
modland:/Impulsetracker/Aitrus/mystified.it
vgmrips:/Systems/Namco/Namco%20System%202/Dragon%20Saber%3A%20After%20Story%20of%20Dragon%20Spirit/04%20Submerged%20City%20%28Stage%201%29.vgz
vgmrips:/Systems/Sega/Arcade/Out%20Run/02%20Passing%20Breeze.vgz
vgmrips:/Systems/Toaplan/Toaplan%202/Battle%20Garegga/06%20Fly%20to%20the%20Leaden%20Sky%20%5BStage%201%20Valley%5D.vgz
vgmrips:/Systems/Sega/Model%202/Daytona%20USA/04%20Let%27s%20Go%20Away.vgz
vgmrips:/Systems/ASCII/MSX2/Space%20Manbow/03%20Battle%20Ship%20%281st.BGM%29.vgz
vgmrips:/Systems/Nintendo/Nintendo%20Entertainment%20System/Journey%20to%20Silius%20%28U%2C%20E%2C%20A%29%20-%20Raf%20World%20%28J%29/03%20Stage%201%2C%20Final%20Stage.vgz
vgmrips:/Systems/Sharp/X68000/Akumajo%20Dracula/08%20Thrashard%20in%20The%20Cave%20%28Stage%202%29.vgz
vgmrips:/Systems/ASCII/MSX2/Metal%20Gear%202%3A%20Solid%20Snake/01%20Theme%20of%20Solid%20Snake%20%28Opening%20BGM%201%29.vgz
vgmrips:/Systems/NEC/PC-8801/The%20Scheme/03%20The%20Legend%20of%20Hero.vgz
vgmrips:/Systems/Nintendo/Family%20Computer/Gimmick%21%20%28J%29/03%20Happy%20Birthday%20%28Stage%201%29.vgz
vgmrips:/Systems/Sega/Y%20Board/Galaxy%20Force%20II/04%20Beyond%20the%20Galaxy%20%28Scene%20A%20-%20Level%201%29.vgz
vgmrips:/Systems/Sega/Mega%20Drive/Thunder%20Force%20IV%20%28W%29%20-%20Lightening%20Force%3A%20Quest%20for%20the%20Darkstar%20%28U%29/04%20-%20Fighting%20Back%20%28Stage%201A%29.vgz
vgmrips:/Systems/Sharp/X68000/Star%20Trader/03%20The%20Logic%20of%20Shooters%20%28Stage%201%20Zone%20Silva%29.vgz
vgmrips:/Systems/Other/Arcade%20Machine/Hyper%20Duel/03%20Buster%20Gear%20Cyber%20Fleet%20%28Stage%201%29.vgz
vgmrips:/Systems/Nintendo/Nintendo%20Entertainment%20System/Silver%20Surfer/04%20Section%20BGM%201.vgz
vgmrips:/Systems/Sega/Mega%20Drive/Time%20Trax/03%20-%20Stages%201%2C%203%2C%208.vgz
vgmrips:/Systems/Toaplan/Toaplan%202/Armed%20Police%20Batrider/07%20Easy%20To%20Go%20%5BStage%201%20Manhattan%20City%5D.vgz
vgmrips:/Systems/Sega/Genesis/Streets%20of%20Rage%202%20%28W%29%20-%20Bare%20Knuckle%20II%3A%20Shitou%20e%20no%20Requiem%20%28J%29/02%20-%20Go%20Straight.vgz
vgmrips:/Systems/NEC/PC-9801/Grounseed/03%20Hometown%20%28Remix%20city%29%20%5BStreet%5D.vgz
vgmrips:/Systems/Sega/System%2016C/Fantasy%20Zone%20II%20DX%20-%203D%20Fantasy%20Zone%20II%20W/03%20Start%20~%20Cholacoray%20%5BRound%201%5D.vgz
vgmrips:/Systems/NEC/PC%20Engine/Magical%20Chase/04%20Rampish%20Chase%20%281ST%20STAGE%20-%20WALL%20TOWN%29.vgz
vgmrips:/Systems/Sega/Genesis/Streets%20of%20Rage%20%28W%29%20-%20Bare%20Knuckle%3A%20Ikari%20no%20Tekken%20%28J%29/03%20-%20Fighting%20in%20the%20Street.vgz
vgmrips:/Systems/Sega/Arcade/Super%20Hang-On/03%20Outride%20A%20Crisis.vgz
vgmrips:/Systems/Sega/Hang-On/Space%20Harrier/07%20Battle%20Field%20%28Bonus%20Stage%29.vgz
vgmrips:/Systems/Sega/Mega%20Drive/Gauntlet%20IV%20%28W%29%20-%20Gauntlet%20%28J%29/06%20-%20Back%20of%20Beyond.vgz
vgmrips:/Systems/Sharp/X68000/Dragon%20Spirit/04%20The%20Paleozoic%20Era%20%28Area%201%29.vgz
vgmrips:/Systems/Jaleco/Mega%20System%201/Soldam/04%20Morning%20Comes%20to%20the%20Forest%20of%20Fairies%20%5BSoldam%20Mode%201%5D.vgz
vgmrips:/Systems/Sega/Mega%20Drive/Midnight%20Resistance/01%20-%20Flood%20of%20Power%20%28BGM%201%29.vgz
vgmrips:/Systems/Taito/Arcade/The%20Ninja%20Warriors/05%20Daddy%20Mulk.vgz
vgmrips:/Systems/ASCII/MSX2/SD%20Snatcher/04%20Modern%20Crusade.vgz
vgmrips:/Systems/SNK/Neo%20Geo/Neo%20Turf%20Masters%20%28W%29%20-%20Big%20Tournament%20Golf%20%28J%29/09%20Fujiyama%20Oriental%20Golf%20Club%20-%20Japan.vgz
vgmrips:/Systems/ASCII/MSX/Nemesis%202%20%28E%29%20-%20Gradius%202%20%28J%29/01%20Above%20the%20Horizon%20%28Opening%20Theme%29.vgz
vgmrips:/Systems/Capcom/ZN-2/Street%20Fighter%20EX2%20Plus/09%20Lost%20Sea%20%28Pirate%20Ship%20Stage%29.vgz
vgmrips:/Systems/Sega/Mega%20Drive/The%20Hybrid%20Front/07%20-%20Earth%20~%20Sukarabe%20Fight%20BGM%202.vgz
vgmrips:/Systems/Sharp/X68000/Namachuukei%2068/06%20Pennant%20Race.vgz
vgmrips:/Systems/SNK/Neo%20Geo/Viewpoint/04%20Not%20All%20There%20Area%201.vgz
vgmrips:/Systems/Irem/M92/Undercover%20Cops%20%28J%29%20-%20Undercover%20Cops%20Alpha%3A%20Renewal%20Version%20%28W%29/05%20Northern%20Barramundi%20%28Stage%201%29.vgz
vgmrips:/Systems/Williams/Williams%20System%2011B/Black%20Knight%202000/04%20Main%20Theme.vgz
vgmrips:/Systems/NEC/PC-9801/Brandish%203%3A%20Spirit%20of%20Balcan/02%20Legend%20of%20the%20Lone%20Wolves.vgz
vgmrips:/Systems/Sega/Mega%20Drive/The%20Revenge%20of%20Shinobi%20%28W%29%20-%20The%20Super%20Shinobi%20%28J%29/06%20-%20Sunrise%20Blvd.vgz
bitmidi:/Popular/Bohemian-Rhapsody-1.mid
bitmidi:/Popular/Beethoven-Moonlight-Sonata.mid
bitmidi:/Popular/Attack%20on%20Titan%20-%20Jiyuu%20no%20Tsubasa.mid
bitmidi:/Popular/A-Whole-New-World-%28Theme-From-%27Aladdin%27%29.mid
bitmidi:/Popular/Backstreet%20Boys%20-%20I%20Want%20It%20That%20Way.mid
bitmidi:/Popular/ACDC.Thunderstruck%20K.mid
bitmidi:/Popular/Bakemonogatari%20-%20Renai%20Circulation%20%28musicbox%20version%29.mid
bitmidi:/Popular/Billy%20Joel%20-%20Piano%20Man.mid
bitmidi:/Popular/Avicii%20-%20Levels.mid
bitmidi:/Popular/BONEY%20M.Rasputin%20K.mid
bitmidi:/Popular/A%20HA.Take%20on%20me%20%20K.mid
bitmidi:/Popular/ACDC.Highway%20to%20Hell%20K.mid
bitmidi:/Popular/Aqua%20-%20Barbie%20Girl.mid
bitmidi:/Popular/avicii-wake_me_up.mid
bitmidi:/Popular/Billie-Jean-1.mid
bitmidi:/Popular/Axel-F-1.mid
bitmidi:/Popular/Armin%20van%20Buuren%20%26%20Ferry%20Corsten%20-%20Brut.mid
bitmidi:/Popular/BassHunter%20-%20Dota.mid
bitmidi:/Popular/Bon%20Jovi%20-%20Living%20on%20a%20Prayer.mid
bitmidi:/Popular/Age%20of%20Empires%20II%20The%20Age%20of%20Kings%20-%20Menu.mid
bitmidi:/Popular/Advance%20Wars%20-%20Drakes%20Theme.mid

mutopia:/Composers/C/F.%20F.%20Chopin%20%281810-1849%29/Ballade%20number%204.mid
mutopia:/Composers/C/F.%20F.%20Chopin%20%281810-1849%29/Etude%20As-Dur.mid
mutopia:/Composers/C/F.%20F.%20Chopin%20%281810-1849%29/Etude%20C-Dur.mid
mutopia:/Composers/C/F.%20F.%20Chopin%20%281810-1849%29/Etude%20Ges-Dur.mid
mutopia:/Composers/C/F.%20F.%20Chopin%20%281810-1849%29/Etude%20c-moll.mid
mutopia:/Composers/C/F.%20F.%20Chopin%20%281810-1849%29/Fantaisie-Impromptu.mid
mutopia:/Composers/C/F.%20F.%20Chopin%20%281810-1849%29/Mazurka%3A%20Op.33%2C%20No.1.mid
mutopia:/Composers/C/F.%20F.%20Chopin%20%281810-1849%29/Mazurka%3A%20Op.6%2C%20No.1.mid
mutopia:/Composers/C/F.%20F.%20Chopin%20%281810-1849%29/Nocturne%208%20in%20Db%20Major.mid
mutopia:/Composers/C/F.%20F.%20Chopin%20%281810-1849%29/Nocturne%20No.%201%20in%20B-flat%20minor.mid
mutopia:/Composers/C/F.%20F.%20Chopin%20%281810-1849%29/Nocturne%20No.%2019%20in%20E%20minor.mid
mutopia:/Composers/C/F.%20F.%20Chopin%20%281810-1849%29/Nocturne%20No.%203.mid
mutopia:/Composers/C/F.%20F.%20Chopin%20%281810-1849%29/Premiere%20Ballade.mid
mutopia:/Composers/C/F.%20F.%20Chopin%20%281810-1849%29/Valse%20Op.%2064%2C%20No.%201%20%28%27Minute%20Waltz%27%29.mid
mutopia:/Composers/C/F.%20F.%20Chopin%20%281810-1849%29/Walzer%20h-moll.mid
opl:/Artists/Ad%20Lib%2C%20Inc/Covers/Frederic%20Chopin%20-%20Polonaise%20in%20A%20Major%2C%20Op.%2040%2C%20No.%201%20%28Military%20Polonaise%29.vgz
opl:/Artists/Ad%20Lib%2C%20Inc/Covers/Frederic%20Chopin%20-%20Prelude%20in%20A%20Major%2C%20Op.%2028%2C%20No.%207.vgz
opl:/Artists/Ad%20Lib%2C%20Inc/Covers/Frederic%20Chopin%20-%20Prelude%2C%20Op.%2028%2C%20No.%204.vgz
opl:/Artists/Yamaha%20Corporation/Covers/Frederic%20Chopin%20-%20Nocturne%20in%20E-flat%20Major%2C%20Op.%209%2C%20No.%202.vgz
asma:/Composers/Janusz%20Pelc/Blue%20Monday.sap
asma:/Composers/Janusz%20Pelc/Captain%20Gather%20%281992%29.sap
asma:/Composers/Janusz%20Pelc/Captain%20Gather%20-%20Ingame%20%281992%29.sap
asma:/Composers/Janusz%20Pelc/Song1%20%281992%29.sap
asma:/Composers/Janusz%20Pelc/Song2%20%281992%29.sap
asma:/Composers/Janusz%20Pelc/Try.sap
asma:/Composers/Piotr%20Bendyk%20%28XTD%29/Altercation%20%282021%29.sap
asma:/Composers/Piotr%20Bendyk%20%28XTD%29/Chips%20Atari%20%282017%29.sap
asma:/Composers/Piotr%20Bendyk%20%28XTD%29/Fifth%20Generation%20%282016%29.sap
asma:/Composers/Piotr%20Bendyk%20%28XTD%29/Fourth%20of%20a%20kind%20%282015%29.sap
asma:/Composers/Piotr%20Bendyk%20%28XTD%29/Fun%20with%20Atari%20%282019%29.sap
asma:/Composers/Piotr%20Bendyk%20%28XTD%29/Seventh%20%282017%29.sap
asma:/Composers/Piotr%20Bendyk%20%28XTD%29/Sixth%20Sense%20%282016%29.sap
asma:/Composers/Piotr%20Bendyk%20%28XTD%29/Surprise%20%282013%29.sap
asma:/Composers/Piotr%20Bendyk%20%28XTD%29/Surprise%202%20%282013%29.sap
asma:/Composers/Piotr%20Bendyk%20%28XTD%29/The%20Third%20%282014%29.sap
modland:/Protracker/Scorpik/fountain.mod
modland:/Fasttracker%202/Scorpik/fife.xm
modland:/Protracker/Scorpik/a%20friend%20has%20died.mod
modland:/Protracker/Scorpik/death%20symphony.mod
modland:/Protracker/Scorpik/global%20slash%20st.mod
modland:/Protracker/Scorpik/mr.smith.mod
modland:/Protracker/Scorpik/slice%20with%20acid.mod
modland:/Fasttracker%202/Scorpik/fudge.xm
modland:/Protracker/Scorpik/crazy%20norby.mod
modland:/Protracker/Scorpik/invisible%20world.mod
modland:/Protracker/Scorpik/space%20ballad.mod
modland:/Fasttracker%202/Scorpik/forest%20of%20dreams.xm
modland:/Fasttracker%202/Scorpik/my%20styles.xm
modland:/Protracker/Scorpik/field%20day.mod
modland:/Protracker/Scorpik/drunk%20cat.chip.mod
