asma:/Composers/Janusz%20Pelc/Fred%20%281991%29.sap
asma:/Composers/Janusz%20Pelc/Misja%20%281991%29.sap
asma:/Composers/Janusz%20Pelc/Lasermania%20%281990%29.sap&song=0
asma:/Composers/Janusz%20Pelc/Lasermania%20%281990%29.sap&song=1
asma:/Composers/Janusz%20Pelc/Lasermania%20%281990%29.sap&song=2
asma:/Composers/Janusz%20Pelc/Lasermania%20%281990%29.sap&song=3
hvsc:/MUSICIANS/G/Glafouk/Quicky_Wanky.sid
examples:/klystrack/songs/Diverted_Experience.kt
vgmrips:/Systems/Namco/Namco%20System%201/Pac-Mania/04%20Pac-Man%27s%20Park.vgz
hvsc:/DEMOS/0-9/1982_Xyce.sid
vgmrips:/Chips/YM3526/Bubble%20Bobble/01%20Introduction%20~%20Main%20Theme.vgz
modland:/Ad%20Lib/AdLib%20Tracker%202/Malfunction/little%20boring%20trance.a2m
asma:/Composers/Adam%20Gilmore/Draconus%20%281988%29.sap
examples:/Adlib%20Tracker%202/nula/cracker.a2m
https%3A%2F%2Farchive.org%2Fcors%2FTripThroughTheGrandCanyoncanyon.mid%2Fcanyon.mid
examples:/Adlib%20Tracker%202/nula/cracker.a2m
https://ctrl-alt-rees.com/archive/yellowantphil.com/wacky_wheels/downloads/music/dream.mid
vgmrips:/Systems/Sharp/X1%20Turbo/Space%20Harrier/01%20Theme.vgz
vgmrips:/Chips/AY-3-8910/L.E.D.%20Storm/01%20Title%20Theme.vgz
vgmrips:/Systems/Sharp/X68000/Akumajo%20Dracula/05%20Vampire%20Killer%20%28Stage%201%29.vgz
vgmrips:/Chips/YM3526/Bubble%20Bobble/01%20Introduction%20~%20Main%20Theme.vgz
vgmrips:/Systems/IBM/PC%20-%20AT/Dune/02%20Spice%20Opera.vgz
hvsc:/MUSICIANS/H/Hannula_Antti/Electric_City_2SID.sid
https://raw.githubusercontent.com/tildearrow/furnace/07b9d33b3e8e909aea4704443b2a9cd99dcafd6f/demos/misc/robocop3_opn2.fur
examples:/Furnace/specs2/acidic_juice_of_hell.fur
examples:/Furnace/opl/green_biker_dude_opl.fur
https%3A%2F%2Fbitmidi.com%2Fuploads%2F42337.mid
hvsc:/MUSICIANS/H/Hubbard_Rob/Warhawk.sid
hvsc:/MUSICIANS/H/Hubbard_Rob/Crazy_Comets.sid
modland:/Protracker/XTD/%23%23%20technological%20%23%23.mod
https%3A%2F%2Fapi.modarchive.org%2Fdownloads.php%3Fmoduleid%3D191020%23dubmood_-_rez_cracktro_4.xm
hvsc:/MUSICIANS/H/Hubbard_Rob/Monty_on_the_Run.sid
modland:/Ad%20Lib/AdLib%20Tracker%202/Malfunction/fm-tronikk%20%28aka%20altair%20street%20dancer%29.a2m
reality:/Modules/RAD-v2/Extent%20of%20the%20Jam/OPL3%20Groove.rad
modland:/AHX/Jazzcat/electric%20city.ahx
modland:/Ad%20Lib/Screamtracker%203%20AdLib/Skaven/first%20adlib%20attempt.as3m
reality:/Modules/RAD-v1/Void/Void%20-%20Alloyrun.rad

hvsc:/MUSICIANS/H/Hubbard_Rob/Sanxion.sid
hvsc:/MUSICIANS/H/Hubbard_Rob/International_Karate.sid
hvsc:/MUSICIANS/H/Hubbard_Rob/Commando.sid
hvsc:/MUSICIANS/H/Hubbard_Rob/Delta.sid
hvsc:/MUSICIANS/H/Hubbard_Rob/Knucklebusters.sid
hvsc:/MUSICIANS/H/Hubbard_Rob/Auf_Wiedersehen_Monty.sid
hvsc:/MUSICIANS/H/Hubbard_Rob/Nemesis_the_Warlock.sid
hvsc:/MUSICIANS/H/Hubbard_Rob/Lightforce.sid
hvsc:/MUSICIANS/H/Hubbard_Rob/Zoids.sid
hvsc:/MUSICIANS/H/Hubbard_Rob/ACE_II.sid
hvsc:/MUSICIANS/H/Hubbard_Rob/Thrust.sid
hvsc:/MUSICIANS/H/Hubbard_Rob/BMX_Kidz.sid
hvsc:/MUSICIANS/H/Hubbard_Rob/Gerry_the_Germ.sid
hvsc:/MUSICIANS/H/Hubbard_Rob/Kentilla.sid
modland:/Protracker/Captain/space_debris.mod
modland:/Fasttracker%202/Elwood/deadlock.xm
modland:/Fasttracker%202/Gaius/coop-Bazooie/squired.xm
modland:/Screamtracker%203/Karsten%20Koch/aryx.s3m
modland:/Fasttracker%202/Andreas%20Viklund/coop-Virtuos/dreams.xm
modland:/Screamtracker%203/Necros/click.s3m
modland:/Fasttracker%202/Elwood/experience.xm
modland:/Protracker/The%20Mixer%20%28CA%29/macarena.mod
modland:/Protracker/Dr.%20Awesome/andante.mod
modland:/Screamtracker%203/Purple%20Motion/ssi-intro.s3m
modland:/Screamtracker%203/Purple%20Motion/skyrider.s3m
modland:/Protracker/Stamen/abandon.mod
modland:/Fasttracker%202/Jogeir%20Liljedahl/suspiria.xm
modland:/Fasttracker%202/Quiet%20Sound/a-night.xm
modland:/Screamtracker%203/Purple%20Motion/unreal.s3m
modland:/Fasttracker%202/Justin%20Flavin/aaaah.xm
modland:/Protracker/U4ia/1993.mod
modland:/Screamtracker%203/Rabiteman/abandon.s3m
modland:/Screamtracker%203/Skaven/network.s3m
modland:/Protracker/Purple%20Motion/soul-o-matic.mod
modland:/Screamtracker%203/Necros/isotoxin.s3m
modland:/Protracker/Maktone/class09.mod
modland:/Screamtracker%203/Necros/eden.s3m
modland:/Screamtracker%203/Phoenix/babylon.s3m
modland:/Impulsetracker/Aitrus/mystified.it
vgmrips:/Systems/Namco/Namco%20System%202/Dragon%20Saber%3A%20After%20Story%20of%20Dragon%20Spirit/04%20Submerged%20City%20%28Stage%201%29.vgz
vgmrips:/Systems/Sega/Arcade/Out%20Run/02%20Passing%20Breeze.vgz
vgmrips:/Systems/Toaplan/Toaplan%202/Battle%20Garegga/06%20Fly%20to%20the%20Leaden%20Sky%20%5BStage%201%20Valley%5D.vgz
vgmrips:/Systems/Sega/Model%202/Daytona%20USA/04%20Let%27s%20Go%20Away.vgz
vgmrips:/Systems/ASCII/MSX2/Space%20Manbow/03%20Battle%20Ship%20%281st.BGM%29.vgz
vgmrips:/Systems/Nintendo/Nintendo%20Entertainment%20System/Journey%20to%20Silius%20%28U%2C%20E%2C%20A%29%20-%20Raf%20World%20%28J%29/03%20Stage%201%2C%20Final%20Stage.vgz
vgmrips:/Systems/Sharp/X68000/Akumajo%20Dracula/08%20Thrashard%20in%20The%20Cave%20%28Stage%202%29.vgz
vgmrips:/Systems/ASCII/MSX2/Metal%20Gear%202%3A%20Solid%20Snake/01%20Theme%20of%20Solid%20Snake%20%28Opening%20BGM%201%29.vgz
vgmrips:/Systems/NEC/PC-8801/The%20Scheme/03%20The%20Legend%20of%20Hero.vgz
vgmrips:/Systems/Nintendo/Family%20Computer/Gimmick%21%20%28J%29/03%20Happy%20Birthday%20%28Stage%201%29.vgz
vgmrips:/Systems/Sega/Y%20Board/Galaxy%20Force%20II/04%20Beyond%20the%20Galaxy%20%28Scene%20A%20-%20Level%201%29.vgz
vgmrips:/Systems/Sega/Mega%20Drive/Thunder%20Force%20IV%20%28W%29%20-%20Lightening%20Force%3A%20Quest%20for%20the%20Darkstar%20%28U%29/04%20-%20Fighting%20Back%20%28Stage%201A%29.vgz
vgmrips:/Systems/Sharp/X68000/Star%20Trader/03%20The%20Logic%20of%20Shooters%20%28Stage%201%20Zone%20Silva%29.vgz
vgmrips:/Systems/Other/Arcade%20Machine/Hyper%20Duel/03%20Buster%20Gear%20Cyber%20Fleet%20%28Stage%201%29.vgz
vgmrips:/Systems/Nintendo/Nintendo%20Entertainment%20System/Silver%20Surfer/04%20Section%20BGM%201.vgz
vgmrips:/Systems/Sega/Mega%20Drive/Time%20Trax/03%20-%20Stages%201%2C%203%2C%208.vgz
vgmrips:/Systems/Toaplan/Toaplan%202/Armed%20Police%20Batrider/07%20Easy%20To%20Go%20%5BStage%201%20Manhattan%20City%5D.vgz
vgmrips:/Systems/Sega/Genesis/Streets%20of%20Rage%202%20%28W%29%20-%20Bare%20Knuckle%20II%3A%20Shitou%20e%20no%20Requiem%20%28J%29/02%20-%20Go%20Straight.vgz
vgmrips:/Systems/NEC/PC-9801/Grounseed/03%20Hometown%20%28Remix%20city%29%20%5BStreet%5D.vgz
vgmrips:/Systems/Sega/System%2016C/Fantasy%20Zone%20II%20DX%20-%203D%20Fantasy%20Zone%20II%20W/03%20Start%20~%20Cholacoray%20%5BRound%201%5D.vgz
vgmrips:/Systems/NEC/PC%20Engine/Magical%20Chase/04%20Rampish%20Chase%20%281ST%20STAGE%20-%20WALL%20TOWN%29.vgz
vgmrips:/Systems/Sega/Genesis/Streets%20of%20Rage%20%28W%29%20-%20Bare%20Knuckle%3A%20Ikari%20no%20Tekken%20%28J%29/03%20-%20Fighting%20in%20the%20Street.vgz
vgmrips:/Systems/Sega/Arcade/Super%20Hang-On/03%20Outride%20A%20Crisis.vgz
vgmrips:/Systems/Sega/Hang-On/Space%20Harrier/07%20Battle%20Field%20%28Bonus%20Stage%29.vgz
vgmrips:/Systems/Sega/Mega%20Drive/Gauntlet%20IV%20%28W%29%20-%20Gauntlet%20%28J%29/06%20-%20Back%20of%20Beyond.vgz
vgmrips:/Systems/Sharp/X68000/Dragon%20Spirit/04%20The%20Paleozoic%20Era%20%28Area%201%29.vgz
vgmrips:/Systems/Jaleco/Mega%20System%201/Soldam/04%20Morning%20Comes%20to%20the%20Forest%20of%20Fairies%20%5BSoldam%20Mode%201%5D.vgz
vgmrips:/Systems/Sega/Mega%20Drive/Midnight%20Resistance/01%20-%20Flood%20of%20Power%20%28BGM%201%29.vgz
vgmrips:/Systems/Taito/Arcade/The%20Ninja%20Warriors/05%20Daddy%20Mulk.vgz
vgmrips:/Systems/ASCII/MSX2/SD%20Snatcher/04%20Modern%20Crusade.vgz
vgmrips:/Systems/SNK/Neo%20Geo/Neo%20Turf%20Masters%20%28W%29%20-%20Big%20Tournament%20Golf%20%28J%29/09%20Fujiyama%20Oriental%20Golf%20Club%20-%20Japan.vgz
vgmrips:/Systems/ASCII/MSX/Nemesis%202%20%28E%29%20-%20Gradius%202%20%28J%29/01%20Above%20the%20Horizon%20%28Opening%20Theme%29.vgz
vgmrips:/Systems/Capcom/ZN-2/Street%20Fighter%20EX2%20Plus/09%20Lost%20Sea%20%28Pirate%20Ship%20Stage%29.vgz
vgmrips:/Systems/Sega/Mega%20Drive/The%20Hybrid%20Front/07%20-%20Earth%20~%20Sukarabe%20Fight%20BGM%202.vgz
vgmrips:/Systems/Sharp/X68000/Namachuukei%2068/06%20Pennant%20Race.vgz
vgmrips:/Systems/SNK/Neo%20Geo/Viewpoint/04%20Not%20All%20There%20Area%201.vgz
vgmrips:/Systems/Irem/M92/Undercover%20Cops%20%28J%29%20-%20Undercover%20Cops%20Alpha%3A%20Renewal%20Version%20%28W%29/05%20Northern%20Barramundi%20%28Stage%201%29.vgz
vgmrips:/Systems/Williams/Williams%20System%2011B/Black%20Knight%202000/04%20Main%20Theme.vgz
vgmrips:/Systems/NEC/PC-9801/Brandish%203%3A%20Spirit%20of%20Balcan/02%20Legend%20of%20the%20Lone%20Wolves.vgz
vgmrips:/Systems/Sega/Mega%20Drive/The%20Revenge%20of%20Shinobi%20%28W%29%20-%20The%20Super%20Shinobi%20%28J%29/06%20-%20Sunrise%20Blvd.vgz
bitmidi:/Popular/Bohemian-Rhapsody-1.mid
bitmidi:/Popular/Beethoven-Moonlight-Sonata.mid
bitmidi:/Popular/Attack%20on%20Titan%20-%20Jiyuu%20no%20Tsubasa.mid
bitmidi:/Popular/A-Whole-New-World-%28Theme-From-%27Aladdin%27%29.mid
bitmidi:/Popular/Backstreet%20Boys%20-%20I%20Want%20It%20That%20Way.mid
bitmidi:/Popular/ACDC.Thunderstruck%20K.mid
bitmidi:/Popular/Bakemonogatari%20-%20Renai%20Circulation%20%28musicbox%20version%29.mid
bitmidi:/Popular/Billy%20Joel%20-%20Piano%20Man.mid
bitmidi:/Popular/Avicii%20-%20Levels.mid
bitmidi:/Popular/BONEY%20M.Rasputin%20K.mid
bitmidi:/Popular/A%20HA.Take%20on%20me%20%20K.mid
bitmidi:/Popular/ACDC.Highway%20to%20Hell%20K.mid
bitmidi:/Popular/Aqua%20-%20Barbie%20Girl.mid
bitmidi:/Popular/avicii-wake_me_up.mid
bitmidi:/Popular/Billie-Jean-1.mid
bitmidi:/Popular/Axel-F-1.mid
bitmidi:/Popular/Armin%20van%20Buuren%20%26%20Ferry%20Corsten%20-%20Brut.mid
bitmidi:/Popular/BassHunter%20-%20Dota.mid
bitmidi:/Popular/Bon%20Jovi%20-%20Living%20on%20a%20Prayer.mid
bitmidi:/Popular/Age%20of%20Empires%20II%20The%20Age%20of%20Kings%20-%20Menu.mid
bitmidi:/Popular/Advance%20Wars%20-%20Drakes%20Theme.mid

mutopia:/Composers/C/F.%20F.%20Chopin%20%281810-1849%29/Ballade%20number%204.mid
mutopia:/Composers/C/F.%20F.%20Chopin%20%281810-1849%29/Etude%20As-Dur.mid
mutopia:/Composers/C/F.%20F.%20Chopin%20%281810-1849%29/Etude%20C-Dur.mid
mutopia:/Composers/C/F.%20F.%20Chopin%20%281810-1849%29/Etude%20Ges-Dur.mid
mutopia:/Composers/C/F.%20F.%20Chopin%20%281810-1849%29/Etude%20c-moll.mid
mutopia:/Composers/C/F.%20F.%20Chopin%20%281810-1849%29/Fantaisie-Impromptu.mid
mutopia:/Composers/C/F.%20F.%20Chopin%20%281810-1849%29/Mazurka%3A%20Op.33%2C%20No.1.mid
mutopia:/Composers/C/F.%20F.%20Chopin%20%281810-1849%29/Mazurka%3A%20Op.6%2C%20No.1.mid
mutopia:/Composers/C/F.%20F.%20Chopin%20%281810-1849%29/Nocturne%208%20in%20Db%20Major.mid
mutopia:/Composers/C/F.%20F.%20Chopin%20%281810-1849%29/Nocturne%20No.%201%20in%20B-flat%20minor.mid
mutopia:/Composers/C/F.%20F.%20Chopin%20%281810-1849%29/Nocturne%20No.%2019%20in%20E%20minor.mid
mutopia:/Composers/C/F.%20F.%20Chopin%20%281810-1849%29/Nocturne%20No.%203.mid
mutopia:/Composers/C/F.%20F.%20Chopin%20%281810-1849%29/Premiere%20Ballade.mid
mutopia:/Composers/C/F.%20F.%20Chopin%20%281810-1849%29/Valse%20Op.%2064%2C%20No.%201%20%28%27Minute%20Waltz%27%29.mid
mutopia:/Composers/C/F.%20F.%20Chopin%20%281810-1849%29/Walzer%20h-moll.mid
opl:/Artists/Ad%20Lib%2C%20Inc/Covers/Frederic%20Chopin%20-%20Polonaise%20in%20A%20Major%2C%20Op.%2040%2C%20No.%201%20%28Military%20Polonaise%29.vgz
opl:/Artists/Ad%20Lib%2C%20Inc/Covers/Frederic%20Chopin%20-%20Prelude%20in%20A%20Major%2C%20Op.%2028%2C%20No.%207.vgz
opl:/Artists/Ad%20Lib%2C%20Inc/Covers/Frederic%20Chopin%20-%20Prelude%2C%20Op.%2028%2C%20No.%204.vgz
opl:/Artists/Yamaha%20Corporation/Covers/Frederic%20Chopin%20-%20Nocturne%20in%20E-flat%20Major%2C%20Op.%209%2C%20No.%202.vgz
asma:/Composers/Janusz%20Pelc/Blue%20Monday.sap
asma:/Composers/Janusz%20Pelc/Captain%20Gather%20%281992%29.sap
asma:/Composers/Janusz%20Pelc/Captain%20Gather%20-%20Ingame%20%281992%29.sap
asma:/Composers/Janusz%20Pelc/Song1%20%281992%29.sap
asma:/Composers/Janusz%20Pelc/Song2%20%281992%29.sap
asma:/Composers/Janusz%20Pelc/Try.sap
asma:/Composers/Piotr%20Bendyk%20%28XTD%29/Altercation%20%282021%29.sap
asma:/Composers/Piotr%20Bendyk%20%28XTD%29/Chips%20Atari%20%282017%29.sap
asma:/Composers/Piotr%20Bendyk%20%28XTD%29/Fifth%20Generation%20%282016%29.sap
asma:/Composers/Piotr%20Bendyk%20%28XTD%29/Fourth%20of%20a%20kind%20%282015%29.sap
asma:/Composers/Piotr%20Bendyk%20%28XTD%29/Fun%20with%20Atari%20%282019%29.sap
asma:/Composers/Piotr%20Bendyk%20%28XTD%29/Seventh%20%282017%29.sap
asma:/Composers/Piotr%20Bendyk%20%28XTD%29/Sixth%20Sense%20%282016%29.sap
asma:/Composers/Piotr%20Bendyk%20%28XTD%29/Surprise%20%282013%29.sap
asma:/Composers/Piotr%20Bendyk%20%28XTD%29/Surprise%202%20%282013%29.sap
asma:/Composers/Piotr%20Bendyk%20%28XTD%29/The%20Third%20%282014%29.sap
modland:/Protracker/Scorpik/fountain.mod
modland:/Fasttracker%202/Scorpik/fife.xm
modland:/Protracker/Scorpik/a%20friend%20has%20died.mod
modland:/Protracker/Scorpik/death%20symphony.mod
modland:/Protracker/Scorpik/global%20slash%20st.mod
modland:/Protracker/Scorpik/mr.smith.mod
modland:/Protracker/Scorpik/slice%20with%20acid.mod
modland:/Fasttracker%202/Scorpik/fudge.xm
modland:/Protracker/Scorpik/crazy%20norby.mod
modland:/Protracker/Scorpik/invisible%20world.mod
modland:/Protracker/Scorpik/space%20ballad.mod
modland:/Fasttracker%202/Scorpik/forest%20of%20dreams.xm
modland:/Fasttracker%202/Scorpik/my%20styles.xm
modland:/Protracker/Scorpik/field%20day.mod
modland:/Protracker/Scorpik/drunk%20cat.chip.mod
modland:/Screamtracker%203/Skaven/unreal%20%5D%5B%20-%20the%202nd%20reality.s3m
asma:/Composers/Radek%20Sterba%20%28Raster%29/3D%20%282009%29.sap
modland:/Protracker/4-Mat/a642.mod
modland:/Ad%20Lib/AdLib%20Tracker%202/Encore/the%20absence%20of%20julia.a2m
examples:/klystrack/songs/LTVA-examples/Abstract_64_Carve_Your_Own_Path_%28cover%29.kt
vgmrips:/Systems/IBM/PC%20-%20XT/Adlib%20Music%20Synthesizer%20Card%20Demo%20Songs/002%20Elecrock.vgz
modland:/Ad%20Lib/Screamtracker%203%20AdLib/Purple%20Motion/starport%20bbs%20introtune.s3m
modland:/AHX/Pink/agony%20end.ahx
modland:/Ad%20Lib/AdLib%20Tracker%202/Encore/karsten%20obarski%20-%20amegas.a2m
examples:/klystrack/songs/AmsterdamBoppe.kt
modland:/Ad%20Lib/AdLib%20Tracker%202/Malfunction/analog%20trip.a2m
modland:/Fasttracker%202/Lizardking/art%20of%20chrome.xm
vgmrips:/Systems/Fuuki/Fuuki%20FG-3%20System/Asura%20Blade%3A%20Sword%20of%20Dynasty/19%20Chinese%20Stage.vgz
asma:/Composers/Radek%20Sterba%20%28Raster%29/Basix%20%282004%29.sap
examples:/GoatTracker%202/GTUltra/Jammer/%246Boileroom_2SID.sng
vgmrips:/Systems/ASCII/MSX2/Bombaman%20Extra%20Ammo/01%20Titlescreen%20Song.vgz
asma:/Composers/Robert%20Zaborowski/Bombay%20%281994%29.sap
vgmrips:/Systems/Capcom/CP%20System%20Dash/Cadillacs%20and%20Dinosaurs%20%28UE%29%20-%20Cadillacs%3A%20Kyouryuu%20Shinseiki%20%28J%29/06%20Cadillacs%20-The%20Four%20Heroes-%20%28Stage%201-1%2C%20Ending%202%29.vgz
modland:/Ad%20Lib/Reality%20AdLib%20Tracker/Shayde/canon%20in%20d.rad
hvsc:/GAMES/A-F/Captain_Future_Preview.sid
modland:/AHX/AceMan/chill%20your%20chips.ahx
modland:/Protracker/Lizardking/compulsion%20to%20obey.mod
modland:/Protracker/Travolta/condom%20corruption.mod
examples:/klystrack/songs/LTVA-examples/crosswords.kt
reality:/Modules/RAD-v2/Extent%20of%20the%20Jam/Cybernet.rad
asma:/Composers/Radek%20Sterba%20%28Raster%29/Delta%20%282003%29.sap
vgmrips:/Systems/NEC/TurboGrafx-16/Devil%20Crash%20%28J%29%20-%20Devil%27s%20Crush%20%28U%29/02%20Main%20Theme.vgz
asma:/Composers/Marcin%20Jastrzemski%20%28Fatman%29/Digital%20Drum%20%281995%29.sap
vgmrips:/Systems/IBM/PC%20-%20AT/Doom/02%20At%20Doom%27s%20Gate.vgz
asma:/Composers/Bartek%20Wasiel%20%28BeWu%29/Dropsy%20King%20%282003%29.sap
reality:/Modules/RAD-v2/Void/Void%20-%20Dystopia.rad
modland:/Ad%20Lib/AdLib%20Tracker%202/MadBrain/oskari%20the%20heimfanker.a2m
modland:/Protracker/Lizardking/fellowship.mod
asma:/Composers/Radek%20Sterba%20%28Raster%29/First%20of%20all%20%282002%29.sap
asma:/Composers/Tomasz%20Liebich/Fluid-Kha%20-%20Intro%20%281993%29.sap
examples:/GoatTracker%202/gt2fork/songs/Full_Borderline.sng
examples:/GoatTracker%202/GoatTracker%202/funktest.sng
asma:/Composers/Michal%20Szpilowski%20%28Miker%29/Galaxia%20-%20Ingame%20%282004%29.sap
modland:/Ad%20Lib/AdLib%20Tracker%202/Malfunction/dancing%20on%20the%20glass.a2m
vgmrips:/Systems/Sharp/X68000/Granada/03%20Heavy%20Line%20%28Stage%201%20-%20Dead%20City%29.vgz
vgmrips:/Systems/NEC/PC-9801/Grounseed%20%282%29/01%20Morning%20%28Fretless%202%20Slap%29.vgz
modland:/Fasttracker%202/Lizardking/coop-Codec/heartland.xm
asma:/Composers/Bartek%20Wasiel%20%28BeWu%29/Heavy%20Traffic%20%282013%29.sap
asma:/Composers/Artur%20Jurgawka%20%28Jurgi%29/Hello%20%281993%29.sap
examples:/Raster%20Music%20Tracker/rmt128/others/hightide.rmt
hvsc:/MUSICIANS/H/Hubbard_Rob/Human_Race.sid
examples:/klystrack/songs/hwv%20437.kt
examples:/Raster%20Music%20Tracker/rmt128/others/ilusia.rmt
vgmrips:/Systems/Irem/M92/In%20The%20Hunt%20%28W%29%20-%20Kaitei%20Daisensou%20%28J%29/04%20The%20South%20Pole%20%5BStage%201%5D.vgz
examples:/Adlib%20Tracker%202/mlf/ishtar.a2m
hvsc:/MUSICIANS/B/B00daW/Islamic_Snowmen_Coup_de_Terre.sid
asma:/Groups/Grayscale/Jam%20Session%20%282003%29.sap
examples:/klystrack/songs/LTVA-examples/Jeroen_Tel_Alloyrun_%28cover%29.kt
modland:/Fasttracker%202/Graff/jet%20set%20willy.xm
modland:/Ad%20Lib/AdLib%20Tracker%202/Malfunction/khaos%20%284kb%20intro%20tune%29.a2m
asma:/Composers/Lukasz%20Sychowicz%20%28X-Ray%29/Komar%20%282002%29.sap
vgmrips:/Systems/Nintendo/Family%20Computer/Lagrange%20Point/16%20Aqueduct.vgz
hvsc:/MUSICIANS/P/Page_Jason/Lord_of_Dragonspire.sid
modland:/Impulsetracker/Mick%20Rippon/alone.it
examples:/Adlib%20Tracker%202/televics/macroron.a2m
examples:/klystrack/songs/System64-examples/Magica.kt
modland:/Ad%20Lib/AdLib%20Tracker%202/Nula/super%20mario.a2m
vgmrips:/Systems/SNK/Neo%20Geo/Metal%20Slug%202/05%20Steel%20Beast%206Beets.vgz
modland:/Screamtracker%203/Golden%20Spud/moving%20that%20rhythm.s3m
examples:/klystrack/songs/LTVA-examples/muriatic_milkshake.kt
examples:/klystrack/songs/n00bstar-examples/Ringmod.kt
asma:/Composers/Krzysztof%20Bankowski%20%28sEXTOn%29/New%20Generation%20%281998%29.sap
hvsc:/GAMES/M-R/Night_Knight.sid
examples:/Adlib%20Tracker%202/nightdrv.a2m
modland:/Protracker/Uncle%20Tom/occ-san-geen.mod
hvsc:/MUSICIANS/P/Prestune/Oh_Gather_Around_on_This_Cold_Advent_Day.sid
hvsc:/MUSICIANS/H/Hubbard_Rob/One_Man_and_his_Droid.sid
modland:/Ad%20Lib/AdLib%20Tracker%202/MadBrain/oskari%20travels%20to%20a%20new%20galaxy.a2m
vgmrips:/Systems/Sega/Arcade/Out%20Run/01%20Magical%20Sound%20Shower.vgz
modland:/Video%20Game%20Music/Sega%20Master%20System/Hiroshi%20Kawaguchi/Out%20Run/01%20magical%20sound%20shower.vgz
vgmrips:/Systems/Sega/System%20Multi%2032/OutRunners/07%20Magical%20Sound%20Shower%20%281993%29.vgz
hvsc:/MUSICIANS/C/Crowley_Owen/Worktunes/Owen_022.sid
modland:/Ad%20Lib/AdLib%20Tracker%202/Kvee/paradox%20%233.a2m
examples:/klystrack/songs/Paranoimia_%28Suntronic%29.kt
examples:/Raster%20Music%20Tracker/rmt128/raster/delta.rmt
modland:/Video%20Game%20Music/Sega%20Master%20System/Tokuhiko%20Uwabo/Phantasy%20Star/05%20palma.vgz
examples:/klystrack/songs/phonkeh.kt
asma:/Composers/Czlowiek%20W%20Atomizerze/Piua%20TarCZoWA%20%282003%29.sap
asma:/Composers/Lukasz%20Sychowicz%20%28X-Ray%29/Rage%20against%2016-bit%20%281996%29.sap
examples:/Furnace/genesis/robocop3_opn2.fur
examples:/GoatTracker%202/GTUltra/JasonPage/RType_Amiga2SID.sng
examples:/Adlib%20Tracker%202/schwskel.a2m
asma:/Composers/Adrian%20Matoga%20%28Epi%29/Scream%20%282002%29.sap
asma:/Composers/Michal%20Szpilowski%20%28Miker%29/Sexy%20Six%20Alfa%20-%20Ingame%20%281994%29.sap
modland:/AHX/Anthrium/sidvibes%21.ahx
vgmrips:/Systems/Nintendo/Nintendo%20Entertainment%20System/Silver%20Surfer/05%20Section%20BGM%202.vgz
examples:/GoatTracker%202/gt2fork/songs/Simple_Tune.sng
asma:/Composers/Grzegorz%20Kwiatek%20%28Greg%29/Slim%20to%20none%20%282005%29.sap
examples:/klystrack/songs/LTVA-examples/software_wavetable_triangle.kt
vgmrips:/Systems/NEC/TurboGrafx-16/Soldier%20Blade/03%20Operation%201.vgz
modland:/Video%20Game%20Music/Sega%20Master%20System/YK-2/Sonic%20The%20Hedgehog/sonic%20the%20hedgehog%20-%20bridge%20zone.vgz
vgmrips:/Systems/Sega/Mega%20Drive/Sonic%20the%20Hedgehog/02%20-%20Green%20Hill%20Zone.vgz
vgmrips:/Systems/Sega/Mega%20Drive/Sonic%20the%20Hedgehog%202/03%20-%20Emerald%20Hill%20Zone.vgz
vgmrips:/Systems/Sega/Sega%20CD/Sonic%20the%20Hedgehog%20CD/01%20-%20Palmtree%20Panic%20Zone%20Past.vgz
vgmrips:/Systems/ASCII/MSX2/Space%20Manbow/04%20Hydra%20%28Normal%20Boss%29.vgz
vgmrips:/Systems/Capcom/CP%20System%20II/Super%20Street%20Fighter%20II%3A%20The%20New%20Challengers%2C%20Super%20Street%20Fighter%20II%20Turbo%20%28U%29%20-%20Super%20Street%20Fighter%20II%20X%3A%20Grand%20Master%20Challenge%20%28J%29/11%20Ryu%20Stage%20I.vgz
examples:/klystrack/songs/StarChips.kt
examples:/klystrack/songs/Imported_XMs/STRANGLEHOLD_%28C%29JT.kt
examples:/Raster%20Music%20Tracker/rmt128/others/sunset_on_the_moon.rmt
asma:/Composers/Krystian%20Iwaszko%20%28Pinokio%29/THC10%20%282001%29.sap
asma:/Composers/Krystian%20Iwaszko%20%28Pinokio%29/THC-TMC%20%282004%29.sap
modland:/Impulsetracker/RS3/the%20world%20sleeps.it
modland:/FamiTracker/Shiru/through%20sewers.ftm
hvsc:/MUSICIANS/H/Hubbard_Rob/Thundercats.sid
examples:/GoatTracker%202/GTUltra/Shogoon/%246To-Norah.sng
modland:/Protracker/Lizardking/trans%20atlantic.mod
examples:/Raster%20Music%20Tracker/rmt128/raster/turrican2_rev2s.rmt
modland:/Impulsetracker/CPU/twilight.it
asma:/Composers/Michal%20Szpilowski%20%28Miker%29/UFO%20Hunt%20%282018%29.sap
asma:/Composers/Dariusz%20Duma%20%28Dhor%29/Undesigned%20%282014%29.sap
asma:/Composers/Dariusz%20Duma%20%28Dhor%29/Unplugged%20Pixels%20%282007%29.sap
modland:/Protracker/Lizardking/wild%20impressions.mod
asma:/Games/X%3A8%20%282013%29.sap
modland:/Ad%20Lib/AdLib%20Tracker%202/Nula/zandax.a2m
asma:/Composers/Lukasz%20Sychowicz%20%28X-Ray%29/Zip%20%281995%29.sap
asma:/Composers/Bartek%20Wasiel%20%28BeWu%29/Zorro%20Has%20A%20Sister%20%282011%29.sap
asma:/Composers/Adam%20Gilmore/Zybex%20%281988%29.sap
