asma:/Composers/Janusz%20Pelc/Fred%20%281991%29.sap
asma:/Composers/Janusz%20Pelc/Misja%20%281991%29.sap
asma:/Composers/Janusz%20Pelc/Lasermania%20%281990%29.sap&song=0
asma:/Composers/Janusz%20Pelc/Lasermania%20%281990%29.sap&song=1
asma:/Composers/Janusz%20Pelc/Lasermania%20%281990%29.sap&song=2
asma:/Composers/Janusz%20Pelc/Lasermania%20%281990%29.sap&song=3
hvsc:/MUSICIANS/G/Glafouk/Quicky_Wanky.sid
examples:/klystrack/songs/Diverted_Experience.kt
vgmrips:/Systems/Namco/Namco%20System%201/Pac-Mania/04%20Pac-Man%27s%20Park.vgz
hvsc:/DEMOS/0-9/1982_Xyce.sid
vgmrips:/Chips/YM3526/Bubble%20Bobble/01%20Introduction%20~%20Main%20Theme.vgz
modland:/Ad%20Lib/AdLib%20Tracker%202/Malfunction/little%20boring%20trance.a2m
asma:/Composers/Adam%20Gilmore/Draconus%20%281988%29.sap
examples:/Adlib%20Tracker%202/nula/cracker.a2m
https%3A%2F%2Farchive.org%2Fcors%2FTripThroughTheGrandCanyoncanyon.mid%2Fcanyon.mid
examples:/Adlib%20Tracker%202/nula/cracker.a2m
https://ctrl-alt-rees.com/archive/yellowantphil.com/wacky_wheels/downloads/music/dream.mid
vgmrips:/Systems/Sharp/X1%20Turbo/Space%20Harrier/01%20Theme.vgz
vgmrips:/Chips/AY-3-8910/L.E.D.%20Storm/01%20Title%20Theme.vgz
vgmrips:/Systems/Sharp/X68000/Akumajo%20Dracula/05%20Vampire%20Killer%20%28Stage%201%29.vgz
vgmrips:/Chips/YM3526/Bubble%20Bobble/01%20Introduction%20~%20Main%20Theme.vgz
vgmrips:/Systems/IBM/PC%20-%20AT/Dune/02%20Spice%20Opera.vgz
hvsc:/MUSICIANS/H/Hannula_Antti/Electric_City_2SID.sid
https://raw.githubusercontent.com/tildearrow/furnace/07b9d33b3e8e909aea4704443b2a9cd99dcafd6f/demos/misc/robocop3_opn2.fur
examples:/Furnace/specs2/acidic_juice_of_hell.fur
examples:/Furnace/opl/green_biker_dude_opl.fur
https%3A%2F%2Fbitmidi.com%2Fuploads%2F42337.mid
hvsc:/MUSICIANS/H/Hubbard_Rob/Warhawk.sid
hvsc:/MUSICIANS/H/Hubbard_Rob/Crazy_Comets.sid
modland:/Protracker/XTD/%23%23%20technological%20%23%23.mod
https%3A%2F%2Fapi.modarchive.org%2Fdownloads.php%3Fmoduleid%3D191020%23dubmood_-_rez_cracktro_4.xm
hvsc:/MUSICIANS/H/Hubbard_Rob/Monty_on_the_Run.sid
modland:/Ad%20Lib/AdLib%20Tracker%202/Malfunction/fm-tronikk%20%28aka%20altair%20street%20dancer%29.a2m
reality:/Modules/RAD-v2/Extent%20of%20the%20Jam/OPL3%20Groove.rad
modland:/AHX/Jazzcat/electric%20city.ahx
modland:/Ad%20Lib/Screamtracker%203%20AdLib/Skaven/first%20adlib%20attempt.as3m
reality:/Modules/RAD-v1/Void/Void%20-%20Alloyrun.rad

